// Jest Snapshot v1, https://goo.gl/fbAQLP

exports[`src::Summary rendering renders properly and matches snapshot. 1`] = `
<div
  className="summary"
>
  Content.
</div>
`;
